// Jest Snapshot v1, https://goo.gl/fbAQLP

exports[`Index page should render 1`] = `
<styled.div>
  <styled.div>
    <styled.div>
      <styled.h1>
        hello,
        <br />
        roman
      </styled.h1>
      <styled.p>
        Front-end developer & creative copywriter sounds like a crazy connection to you? It should probably. But if you’re looking for someone who knows how to connect innovative ideas with technology, then you should definitely click
         
        <a
          href="mailto:adamdopisuje@gmail.com"
        >
          here.
        </a>
      </styled.p>
    </styled.div>
    <styled.div>
      <img
        src="test-file-stub"
      />
      <img
        src="test-file-stub"
      />
    </styled.div>
  </styled.div>
</styled.div>
`;
